
Running 3 tests using 3 workers

[1A[2K[1/3] [chromium] ΓÇ║ tests\logistics-loop.spec.js:15:1 ΓÇ║ End-to-End Logistics Loop
[1A[2K[2/3] [webkit] ΓÇ║ tests\logistics-loop.spec.js:15:1 ΓÇ║ End-to-End Logistics Loop
[1A[2K[3/3] [firefox] ΓÇ║ tests\logistics-loop.spec.js:15:1 ΓÇ║ End-to-End Logistics Loop
node.exe : [1A[2K[firefox] ΓÇ║ tests\logistics-loop.spec.js:15:1 ΓÇ║ 
End-to-End Logistics Loop
At line:1 char:1
+ & "C:\Program Files\nodejs/node.exe" "C:\Users\jeeth\AppData\Roaming\ 
...
+ ~~~~~~~~~~~~~~~~~~~~~~~~~~~~~~~~~~~~~~~~~~~~~~~~~~~~~~~~~~~~~~~~~~~~~
    + CategoryInfo          : NotSpecified: ([1A[2K[firefo... Logisti 
   cs Loop:String) [], RemoteException
    + FullyQualifiedErrorId : NativeCommandError
 


[1A[2K[webkit] ΓÇ║ tests\logistics-loop.spec.js:15:1 ΓÇ║ End-to-End 
Logistics Loop


[1A[2K[chromium] ΓÇ║ tests\logistics-loop.spec.js:15:1 ΓÇ║ End-to-End 
Logistics Loop


[1A[2K  1) [webkit] ΓÇ║ tests\logistics-loop.spec.js:15:1 ΓÇ║ End-to-End Logistics Loop ΓöÇΓöÇΓöÇΓöÇΓöÇΓöÇΓöÇΓöÇΓöÇΓöÇΓöÇΓöÇΓöÇΓöÇΓöÇΓöÇΓöÇΓöÇΓöÇΓöÇΓöÇΓöÇ

    Error: [2mexpect([22m[31mlocator[39m[2m).[22mtoBeVisible[2m([22m[2m)[22m failed

    Locator: locator('span:has-text("Approved")').first()
    Expected: visible
    Timeout: 15000ms
    Error: element(s) not found

    Call log:
    [2m  - Expect "toBeVisible" with timeout 15000ms[22m
    [2m  - waiting for locator('span:has-text("Approved")').first()[22m


      67 |
      68 |   // Wait for status to change to Approved globally, avoiding stale references
    > 69 |   await expect(page.locator('span:has-text("Approved")').first()).toBeVisible({ timeout: 15000 });
         |                                                                   ^
      70 |
      71 |   // 4. Map Flow
      72 |   // The tab is labeled "Dashboard"
        at C:\Users\jeeth\Downloads\Gis project final folder\frontend\tests\logistics-loop.spec.js:69:67

    Error Context: test-results\logistics-loop-End-to-End-Logistics-Loop-webkit\error-context.md


[1A[2K  2) [firefox] ΓÇ║ tests\logistics-loop.spec.js:15:1 ΓÇ║ End-to-End Logistics Loop ΓöÇΓöÇΓöÇΓöÇΓöÇΓöÇΓöÇΓöÇΓöÇΓöÇΓöÇΓöÇΓöÇΓöÇΓöÇΓöÇΓöÇΓöÇΓöÇΓöÇΓöÇ

    Error: [2mexpect([22m[31mlocator[39m[2m).[22mtoBeVisible[2m([22m[2m)[22m failed

    Locator: locator('span:has-text("Approved")').first()
    Expected: visible
    Timeout: 15000ms
    Error: element(s) not found

    Call log:
    [2m  - Expect "toBeVisible" with timeout 15000ms[22m
    [2m  - waiting for locator('span:has-text("Approved")').first()[22m


      67 |
      68 |   // Wait for status to change to Approved globally, avoiding stale references
    > 69 |   await expect(page.locator('span:has-text("Approved")').first()).toBeVisible({ timeout: 15000 });
         |                                                                   ^
      70 |
      71 |   // 4. Map Flow
      72 |   // The tab is labeled "Dashboard"
        at C:\Users\jeeth\Downloads\Gis project final folder\frontend\tests\logistics-loop.spec.js:69:67

    Error Context: test-results\logistics-loop-End-to-End-Logistics-Loop-firefox\error-context.md


[1A[2K  3) [chromium] ΓÇ║ tests\logistics-loop.spec.js:15:1 ΓÇ║ End-to-End Logistics Loop ΓöÇΓöÇΓöÇΓöÇΓöÇΓöÇΓöÇΓöÇΓöÇΓöÇΓöÇΓöÇΓöÇΓöÇΓöÇΓöÇΓöÇΓöÇΓöÇΓöÇ

    Error: [2mexpect([22m[31mlocator[39m[2m).[22mtoBeVisible[2m([22m[2m)[22m failed

    Locator: locator('span:has-text("Approved")').first()
    Expected: visible
    Timeout: 15000ms
    Error: element(s) not found

    Call log:
    [2m  - Expect "toBeVisible" with timeout 15000ms[22m
    [2m  - waiting for locator('span:has-text("Approved")').first()[22m


      67 |
      68 |   // Wait for status to change to Approved globally, avoiding stale references
    > 69 |   await expect(page.locator('span:has-text("Approved")').first()).toBeVisible({ timeout: 15000 });
         |                                                                   ^
      70 |
      71 |   // 4. Map Flow
      72 |   // The tab is labeled "Dashboard"
        at C:\Users\jeeth\Downloads\Gis project final folder\frontend\tests\logistics-loop.spec.js:69:67

    Error Context: test-results\logistics-loop-End-to-End-Logistics-Loop-chromium\error-context.md


[1A[2K  3 failed
    [chromium] ΓÇ║ tests\logistics-loop.spec.js:15:1 ΓÇ║ End-to-End Logistics Loop ΓöÇΓöÇΓöÇΓöÇΓöÇΓöÇΓöÇΓöÇΓöÇΓöÇΓöÇΓöÇΓöÇΓöÇΓöÇΓöÇΓöÇΓöÇΓöÇΓöÇΓöÇ
    [firefox] ΓÇ║ tests\logistics-loop.spec.js:15:1 ΓÇ║ End-to-End Logistics Loop ΓöÇΓöÇΓöÇΓöÇΓöÇΓöÇΓöÇΓöÇΓöÇΓöÇΓöÇΓöÇΓöÇΓöÇΓöÇΓöÇΓöÇΓöÇΓöÇΓöÇΓöÇΓöÇ
    [webkit] ΓÇ║ tests\logistics-loop.spec.js:15:1 ΓÇ║ End-to-End Logistics Loop ΓöÇΓöÇΓöÇΓöÇΓöÇΓöÇΓöÇΓöÇΓöÇΓöÇΓöÇΓöÇΓöÇΓöÇΓöÇΓöÇΓöÇΓöÇΓöÇΓöÇΓöÇΓöÇΓöÇ

[36m  Serving HTML report at http://localhost:9323. Press Ctrl+C to quit.[39m
