
Running 3 tests using 3 workers

[1A[2K[1/3] [chromium] ΓÇ║ tests\example.spec.ts:3:1 ΓÇ║ has title
[1A[2K[2/3] [chromium] ΓÇ║ tests\logistics-loop.spec.js:3:1 ΓÇ║ End-to-End Logistics Loop
[1A[2K[3/3] [chromium] ΓÇ║ tests\example.spec.ts:10:1 ΓÇ║ get started link
[1A[2K  1) [chromium] ΓÇ║ tests\logistics-loop.spec.js:3:1 ΓÇ║ End-to-End Logistics Loop ΓöÇΓöÇΓöÇΓöÇΓöÇΓöÇΓöÇΓöÇΓöÇΓöÇΓöÇΓöÇΓöÇΓöÇΓöÇΓöÇΓöÇΓöÇΓöÇΓöÇΓöÇ

    Error: [2mexpect([22m[31mlocator[39m[2m).[22mtoBeVisible[2m([22m[2m)[22m failed

    Locator: locator('tr').filter({ hasText: '9999999999' }).first().locator('span:has-text("Approved")')
    Expected: visible
    Timeout: 10000ms
    Error: element(s) not found

    Call log:
    [2m  - Expect "toBeVisible" with timeout 10000ms[22m
    [2m  - waiting for locator('tr').filter({ hasText: '9999999999' }).first().locator('span:has-text("Approved")')[22m


      55 |
      56 |   // Wait for status to change to Approved
    > 57 |   await expect(requestRow.locator('span:has-text("Approved")')).toBeVisible({ timeout: 10000 });
         |                                                                 ^
      58 |
      59 |   // 4. Map Flow
      60 |   // The tab is labeled "Dashboard"
        at C:\Users\jeeth\Downloads\Gis project final folder\frontend\tests\logistics-loop.spec.js:57:65

    Error Context: test-results\logistics-loop-End-to-End-Logistics-Loop-chromium\error-context.md


[1A[2K  1 failed
    [chromium] ΓÇ║ tests\logistics-loop.spec.js:3:1 ΓÇ║ End-to-End Logistics Loop ΓöÇΓöÇΓöÇΓöÇΓöÇΓöÇΓöÇΓöÇΓöÇΓöÇΓöÇΓöÇΓöÇΓöÇΓöÇΓöÇΓöÇΓöÇΓöÇΓöÇΓöÇΓöÇ
  2 passed (13.7s)

[36m  Serving HTML report at http://localhost:9323. Press Ctrl+C to quit.[39m
